[55hotel.com.br/index.html]
[backblue.gif]
[fade.gif]
[index.html]
[55hotel.com.br/feed/index.html]
[55hotel.com.br/comments/feed/index.html]
[55hotel.com.br/sitespro/assets/fonts/astra.woff]
[55hotel.com.br/medias/55-Inn-Hotel-e-um-apart-hotel-localizado-no-bairro-Gloria-em-Joinville-Santa-Catarina.png]
[55hotel.com.br/conteudo/cache/wpo-minify/1728325362/assets/wpo-minify-header-770a0839.min.js]
[55hotel.com.br/wp-json/index.html]
[55hotel.com.br/wp-json/wp/v2/pages/731.json]
[55hotel.com.br/spxmlrpc0db0.php]
[55hotel.com.br/recursos/wlwmanifest.xml]
[55hotel.com.br/wp-json/oembed/1.0/embed7b0f.json]
[55hotel.com.br/wp-json/oembed/1.0/embed65e9]
[55hotel.com.br/medias/cropped-fav-32x32.png]
[55hotel.com.br/medias/cropped-fav-192x192.png]
[55hotel.com.br/medias/cropped-fav-180x180.png]
[55hotel.com.br/medias/elementor/thumbs/hotel-smart-55-em-joinville-centro-sc-hospedagens-1-qhunpuec4rnyl1xlxt88j8tawzkl86tf2ix1w2cjk0.png]
[55hotel.com.br/nossos-servicos.html]
[55hotel.com.br/empresa/index.html]
[55hotel.com.br/galeria-de-fotos.html]
[55hotel.com.br/regras-pet/index.html]
[55hotel.com.br/servicos/suite-102-quarto-quadruplo/index.html]
[55hotel.com.br/servicos/quarto-casal/index.html]
[55hotel.com.br/servicos/suite-101-do-55-inn-hotel-joinville/index.html]
[55hotel.com.br/servicos/quarto-casal-104-bom-custo-beneficio/index.html]
[55hotel.com.br/contatos.html]
[55hotel.com.br/medias/55-Inn-Hotel-Streaming-TV-sem-custo-adicional.png]
[55hotel.com.br/servicos/quarto-casal-de-16m2-completo/index.html]
[55hotel.com.br/servicos/suite-201-casal-17m2-no-2-andar/index.html]
[55hotel.com.br/medias/55-Inn-Hotel-Streaming-de-TV-sem-custo-adicional.png]
[55hotel.com.br/medias/WhatsApp-Image-2024-06-11-at-15.04.04.jpg]
[55hotel.com.br/servicos/suite-202-solteiro-economico-12m²-no-centro/index.html]
[55hotel.com.br/medias/comida-alema-joinville-santa-catarina-sc.jpg]
[55hotel.com.br/medias/lugares-para-comer-em-joinville-comida-regional-cafe-paris.png]
[55hotel.com.br/medias/elementor/thumbs/hotel-55-quarto-308-17-metros-flat-1-qpsy1dfuz6f2hpbkgfpzmdvrq3hcq364a8g4mvswp0.jpg]
[55hotel.com.br/medias/elementor/thumbs/suite-307-solteiro-flat-55-in-hotel-sc-qd5czm2z77mxl33z9ysq0spubu1p1l6uynkrchr6o4.jpg]
[55hotel.com.br/servicos/quarto-casal-de-16m²/index.html]
[55hotel.com.br/medias/elementor/thumbs/WhatsApp-Image-2024-06-11-at-18.51.21-2-qpr5rcfi06osgqkqr6o89bm0n91572n04uxi9uu2ro.jpg]
[55hotel.com.br/medias/elementor/thumbs/suite-305-casal-flat-55-in-hotel-sc-qd5cpz8j5cg4kz3sjavdyq8r4nj959xwmyul9e1gg4.jpg]
[55hotel.com.br/servicos/suite-204-casal-de-10m²/index.html]
[55hotel.com.br/servicos/suite-206-casal/index.html]
[55hotel.com.br/servicos/suite-205-casal/index.html]
[55hotel.com.br/medias/elementor/thumbs/WhatsApp-Image-2024-06-11-at-16.57.09-2-qpr5qm40otorfnmz0vaobi940gmv7jqip8nwu3x3lw.jpg]
[55hotel.com.br/servicos/suite-301-de-casal-moderno-no-3o-andar/index.html]
[55hotel.com.br/servicos/suite-207-casal-de-18m²/index.html]
[55hotel.com.br/servicos/suite-301-de-casal-no-3o-andar-2/index.html]
[55hotel.com.br/medias/elementor/thumbs/WhatsApp-Image-2024-06-11-at-15.30.19-4-qpr5apob2px514qgvhuvn0pe8t0bzvlzijd7klhuv8.jpg]
[55hotel.com.br/servicos/suite-303-de-casal-no-3o-andar/index.html]
[55hotel.com.br/servicos/suite-304-tripla-no-3o-andar-de-20m²-e-acessibilidade-para-cadeirante/index.html]
[55hotel.com.br/medias/Hospedagem-inteligente-alexa-com-comando-de-voz-e1704476825878.png]
[55hotel.com.br/servicos/suite-305-de-casal-no-3o-andar-de-15m²/index.html]
[55hotel.com.br/medias/Hospedagem-inteligente-hotel-alexa-comando-de-voz.png]
[55hotel.com.br/servicos/suite-306-de-casal-no-3o-andar-de-18m²/index.html]
[55hotel.com.br/servicos/suite-307-solteiro-economico-3o-andar/index.html]
[55hotel.com.br/servicos/suite-308-de-casal-no-3o-andar-de-17m²/index.html]
[55hotel.com.br/medias/petiscos-55innhotel-joinville-sc.jpg]
[55hotel.com.br/fotos/parque-zoo-botanico-de-joinville/index.html]
[55hotel.com.br/medias/cafe-da-manha-hote-smart-55-em-joinville-santa-catarina-sc.png]
[55hotel.com.br/fotos/shopping-mueller-de-joinville/index.html]
[55hotel.com.br/fotos/museu-nacional-de-imigracao-e-colonizacao/index.html]
[55hotel.com.br/medias/55-inn-hotel-joinville-sc.jpg]
[55hotel.com.br/medias/se-hospede-no-55-inn-hotel-joinville-santa-catarina.jpg]
[55hotel.com.br/medias/estrutura-55-inn-hotel-joinville-santa-catarina.jpg]
[55hotel.com.br/fotos/feira-de-artesanato-na-praca-da-bandeira/index.html]
[55hotel.com.br/medias/estacionamento-para-cadeirantes-55-inn-hotel-joinville-santa-catarina.jpg]
[55hotel.com.br/medias/estacionamento-privativo-hotel-smart-55-em-joinville-santa-catarina-sc.png]
[55hotel.com.br/contatos/index.html]
[55hotel.com.br/medias/estacionamento-55-inn-hotel-joinville-santa-catarina.jpg]
[55hotel.com.br/medias/55-inn-hotel-joinville-santa-catarina.jpg]
[55hotel.com.br/medias/estacionamento-cadeirante-55-inn-hotel.png]
[55hotel.com.br/medias/cozinha-55-inn-hotel-joinville-santa-catarina.jpg]
[55hotel.com.br/medias/ficar-em-hotel-55-inn-hotel-joinville-santa-catarina.jpg]
[55hotel.com.br/medias/hospedagem-55-inn-hotel-joinville-santa-catarina.jpg]
[55hotel.com.br/medias/55-inn-hotel.png]
[55hotel.com.br/medias/estadias-baratas-55-inn-hotel-joinville-santa-catarina.jpg]
[55hotel.com.br/medias/ALEXA....png]
[55hotel.com.br/medias/esta-com-fome-55-inn-hotel-tem-cafe-cha-leite-quente.png]
[55hotel.com.br/medias/esta-com-fome-55-inn-hotel-faz-sanduiches-para-matar-sua-fome.png]
[55hotel.com.br/medias/55-hotel-em-joinville-santa-catarina.jpg]
[55hotel.com.br/medias/cafes-da-manha-hote-smart-55-em-joinville-santa-catarina-sc.png]
[55hotel.com.br/medias/Hospedagem-inteligente-alexa-comando-de-voz.png]
[55hotel.com.br/medias/estacionamentos-privativo-hotel-smart-55-em-joinville-santa-catarina-sc.png]
[55hotel.com.br/medias/elementor/thumbs/o-que-fazer-em-joinville-santa-catarina-qlzd0a5506epshshyusy9rrl3ox66jr376pbuxrobk.png]
[55hotel.com.br/medias/elementor/thumbs/centro-cultural-da-juventude-joinville-sc-qgimo0ixqhjqkhm57ncflm6c05ca1ea9v8bjnhtujk.jpg]
[55hotel.com.br/medias/elementor/thumbs/Catedral_Sao_Francisco_Xavier_Joinville_Brasil-qdmh8seest5wmegz34voo5iv2wrhxm45y3c4sgveu8.jpg]
[55hotel.com.br/medias/elementor/thumbs/museu-de-artes-joinvile-sc-qdm2fylyoprhbyflfbg1r3zckt03mbtscuagaswfz4.jpg]
[55hotel.com.br/fotos/algumas-opcoes-do-que-fazer-em-joinville-perto-do-55-inn-smart-hotel/index.html]
[55hotel.com.br/empresa.html]
[55hotel.com.br/fotos/explore-a-cultura-no-centro-cultural-da-juventude-com-conforto-e-economia-no-55-inn-hotel-em-joinville-centro/index.html]
[55hotel.com.br/medias/WhatsApp-icone.png]
[55hotel.com.br/fotos/catedral-de-sao-francisco-xavier/index.html]
[55hotel.com.br/medias/hotel-em-joinville-centro-sc-hospedagem-preco.png]
[55hotel.com.br/fotos/museu-de-arte-de-joinville-maj/index.html]
[55hotel.com.br/politicas-de-privacidade/index.html]
[55hotel.com.br/conteudo/cache/wpo-minify/1728325362/assets/wpo-minify-footer-c1cb50fc.min.js]
[55hotel.com.br/conteudo/cache/wpo-minify/1728325362/assets/wpo-minify-footer-a25b2b1d.min.js]
[55hotel.com.br/conteudo/cache/wpo-minify/1728325362/assets/wpo-minify-footer-3fbb16aa.min.js]
[55hotel.com.br/index.html]
[55hotel.com.br/sitespro/assets/css/minified/style.min.css]
[55hotel.com.br/sitespro/assets/css/minified/menu-animation.min.css]
[55hotel.com.br/recursos/css/dist/block-library/style.min.css]
[55hotel.com.br/conteudo/plugins/jet-engine/assets/css/frontend.css]
[55hotel.com.br/conteudo/plugins/jet-elements/assets/images/dummy-map.png]
[55hotel.com.br/conteudo/plugins/jet-elements/assets/css/jet-elements.css]
[55hotel.com.br/conteudo/plugins/jet-elements/assets/css/jet-elements-skin.css]
[55hotel.com.br/modulos/dev/assets/lib/eicons/fonts/eiconsc2cd.eot]
[55hotel.com.br/modulos/dev/assets/lib/eicons/fonts/eiconsc2cd.woff2]
[55hotel.com.br/modulos/dev/assets/lib/eicons/fonts/eiconsc2cd.woff]
[55hotel.com.br/modulos/dev/assets/lib/eicons/fonts/eiconsc2cd.ttf]
[55hotel.com.br/modulos/dev/assets/lib/eicons/css/elementor-icons.min.css]
[55hotel.com.br/modulos/dev/assets/lib/animations/animations.min.css]
[55hotel.com.br/modulos/dev/assets/css/frontend-legacy.min.css]
[55hotel.com.br/modulos/dev/assets/css/frontend.min.css]
[55hotel.com.br/medias/elementor/css/post-3698.css]
[55hotel.com.br/modulos/dev2/assets/css/frontend.min.css]
[55hotel.com.br/modulos/dev/assets/lib/font-awesome/webfonts/fa-brands-400.eot]
[55hotel.com.br/modulos/dev/assets/lib/font-awesome/webfonts/fa-brands-400d41d.eot]
[55hotel.com.br/modulos/dev/assets/lib/font-awesome/webfonts/fa-brands-400.woff2]
[55hotel.com.br/modulos/dev/assets/lib/font-awesome/webfonts/fa-brands-400.woff]
[55hotel.com.br/modulos/dev/assets/lib/font-awesome/webfonts/fa-brands-400.ttf]
[55hotel.com.br/modulos/dev/assets/lib/font-awesome/webfonts/fa-regular-400.eot]
[55hotel.com.br/modulos/dev/assets/lib/font-awesome/webfonts/fa-regular-400d41d.eot]
[55hotel.com.br/modulos/dev/assets/lib/font-awesome/webfonts/fa-regular-400.woff2]
[55hotel.com.br/modulos/dev/assets/lib/font-awesome/webfonts/fa-regular-400.woff]
[55hotel.com.br/modulos/dev/assets/lib/font-awesome/webfonts/fa-regular-400.ttf]
[55hotel.com.br/modulos/dev/assets/lib/font-awesome/webfonts/fa-solid-900.eot]
[55hotel.com.br/modulos/dev/assets/lib/font-awesome/webfonts/fa-solid-900d41d.eot]
[55hotel.com.br/modulos/dev/assets/lib/font-awesome/webfonts/fa-solid-900.woff2]
[55hotel.com.br/modulos/dev/assets/lib/font-awesome/webfonts/fa-solid-900.woff]
[55hotel.com.br/modulos/dev/assets/lib/font-awesome/webfonts/fa-solid-900.ttf]
[55hotel.com.br/modulos/dev/assets/lib/font-awesome/css/all.min.css]
[55hotel.com.br/modulos/dev/assets/lib/font-awesome/css/v4-shims.min.css]
[55hotel.com.br/medias/elementor/css/global.css]
[55hotel.com.br/medias/elementor/css/post-731.css]
[55hotel.com.br/medias/elementor/css/post-1169.css]
[55hotel.com.br/medias/elementor/css/post-4260.css]
[55hotel.com.br/medias/elementor/css/post-5028.css]
[55hotel.com.br/medias/elementor/css/post-5436.css]
[55hotel.com.br/medias/elementor/css/post-5477.css]
[55hotel.com.br/medias/elementor/css/post-5570.css]
[55hotel.com.br/medias/elementor/css/post-7236.css]
[55hotel.com.br/medias/elementor/css/post-14019.css]
[55hotel.com.br/medias/elementor/css/post-5799.css]
[55hotel.com.br/medias/elementor/css/post-6039.css]
[55hotel.com.br/medias/elementor/css/post-6045.css]
[55hotel.com.br/medias/elementor/css/post-6096.css]
[55hotel.com.br/medias/elementor/css/post-6107.css]
[55hotel.com.br/medias/elementor/css/post-6120.css]
[55hotel.com.br/medias/elementor/css/post-789.css]
[55hotel.com.br/medias/elementor/css/post-4670.css]
[55hotel.com.br/medias/elementor/css/post-4781.css]
[55hotel.com.br/medias/elementor/css/post-5396.css]
[55hotel.com.br/medias/elementor/css/post-6199.css]
[55hotel.com.br/medias/elementor/css/post-6827.css]
[55hotel.com.br/medias/elementor/css/post-6962.css]
[55hotel.com.br/medias/elementor/css/post-7009.css]
[55hotel.com.br/medias/elementor/css/post-7072.css]
[55hotel.com.br/medias/elementor/css/post-7108.css]
[55hotel.com.br/medias/elementor/css/post-307.css]
[55hotel.com.br/medias/elementor/css/post-606.css]
[55hotel.com.br/medias/elementor/css/post-3919.css]
[55hotel.com.br/medias/elementor/css/post-3837.css]
[55hotel.com.br/medias/elementor/css/post-3291.css]
[55hotel.com.br/modulos/dev/assets/lib/font-awesome/css/fontawesome.min.css]
[55hotel.com.br/modulos/dev/assets/lib/font-awesome/css/solid.min.css]
[55hotel.com.br/modulos/dev/assets/lib/font-awesome/css/regular.min.css]
[55hotel.com.br/modulos/dev/assets/lib/font-awesome/css/brands.min.css]
[55hotel.com.br/wp-json/wp/v2/pages/3719.json]
[55hotel.com.br/wp-json/oembed/1.0/embed450c.json]
[55hotel.com.br/indexf30f.html]
[55hotel.com.br/wp-json/oembed/1.0/embed2d30]
[55hotel.com.br/medias/petiscos-55innhotel-joinville-sc-1.jpg]
[55hotel.com.br/medias/tv-com-canais-streming-liberada-no-55innhotel-joinville-sc-1.jpg]
[55hotel.com.br/medias/55-inn-hotel-a-poucos-passos-entrada-da-ciadde-de-joinville-sc.png]
[55hotel.com.br/medias/vista-aerea-de-joinville-em-santa-catarina-se-hospede-55-hotel.png]
[55hotel.com.br/medias/O-@55innsmart_hotel-possui-opcoes-de-quartos-com-Alexa-faca-sua-reserva-agora.png]
[55hotel.com.br/medias/No-55innHOTEL-voce-tem-canais-de-Streaming-gratuitos-Faca-sua-reserva-agora.png]
[55hotel.com.br/medias/cafe-da-manha-55-inn-hotel-em-joinville-santa-catarina.jpg]
[55hotel.com.br/medias/55-inn-hotel-sc.png]
[55hotel.com.br/conteudo/cache/wpo-minify/1728325362/assets/wpo-minify-footer-58ea4a51.min.js]
[55hotel.com.br/empresa/index.html]
[55hotel.com.br/medias/O-55-INN-Smart-Hotel-tera-muito-prazer-em-receber-seu-pet.jpg]
[55hotel.com.br/wp-json/wp/v2/pages/15777.json]
[55hotel.com.br/wp-json/oembed/1.0/embede51f.json]
[55hotel.com.br/index7365.html]
[55hotel.com.br/wp-json/oembed/1.0/embedb062]
[55hotel.com.br/conteudo/cache/wpo-minify/1728325362/assets/wpo-minify-footer-8d24427a.min.js]
[55hotel.com.br/regras-pet/index.html]
[55hotel.com.br/nossos-servicos/index.html]
[55hotel.com.br/wp-json/wp/v2/pages/1006.json]
[55hotel.com.br/wp-json/oembed/1.0/embed78b2.json]
[55hotel.com.br/index846b.html]
[55hotel.com.br/wp-json/oembed/1.0/embedc9ea]
[55hotel.com.br/medias/elementor/thumbs/suite-302-casal-flat-55-in-hotel-sc-qd5bym5o6yzmlmuobh2ddmtokuel2hb7jj5qbem1l0.jpg]
[55hotel.com.br/medias/elementor/thumbs/WhatsApp-Image-2024-06-11-at-15.30.18-qpr5a4zuwd4txpki88x345x96bu9ajbw3p0j0icio4.jpg]
[55hotel.com.br/medias/elementor/thumbs/WhatsApp-Image-2024-06-11-at-15.26.31-1-qpr58r6eu58mudkvb5duy0htownsyku48ufskuedtw.jpg]
[55hotel.com.br/medias/elementor/thumbs/suite-101-om-ar-condicionado-flat-55-inn-hotel-1-qd5b7bwbt3mzl4hgn6h8i0ozt6w0mrzpghfbt92g78.png]
[55hotel.com.br/medias/elementor/thumbs/WhatsApp-Image-2024-06-11-at-15.25.14-qpr4sma5ij5fjd0nj6af532yks6ytms00z9pzubon8.jpg]
[55hotel.com.br/medias/elementor/thumbs/WhatsApp-Image-2024-06-11-at-15.14.16-qpr3nqaw7z6ei0esai0noej4bdq5zmgcelncgiy7b8.jpg]
[55hotel.com.br/medias/elementor/thumbs/WhatsApp-Image-2024-06-11-at-15.15.49-qpr4im9yszgm0pjkxcob43xf27hdxk2szher6v5guc.jpg]
[55hotel.com.br/medias/elementor/thumbs/suite-202-solteiro-flat-55-in-hotel-sc-qd59fme4lcfcol0wnn3ji3gad0wexb2nd5mku3j1xg.jpg]
[55hotel.com.br/medias/elementor/thumbs/hotel-em-joinville-sc-suite-101-smart-55-2-qpr1ioh5zvp8sqbx7p0lschvbbi00tkg58hh8z6zd0.jpg]
[55hotel.com.br/medias/elementor/thumbs/WhatsApp-Image-2024-06-11-at-15.04.05-1-qpr2qhqcjvodyeovdmsl0ahc3vjwsxi1i368ja8dc4.jpg]
[55hotel.com.br/medias/elementor/thumbs/suite-103-om-ar-condicionado-flat-55-inn-hotel-sc-qd58ajtzyy7bdyolhdze1yk7xxc1lf0vdvfsxufbt0.png]
[55hotel.com.br/medias/elementor/thumbs/hotel-55-smart-suite-104-5-qpr34vnf5lddnjskdco0o5sbf6n5m5m55amryqwg3o.jpg]
[55hotel.com.br/medias/elementor/thumbs/hotel-55-smart-suite-105-5-qpr367l6u5703nuxlfdzpbotpu2vipwgbvwjfuxdac.jpg]
[55hotel.com.br/medias/elementor/thumbs/suite-201-om-ar-condicionado-flat-55-inn-hotel-joinville-qd58vq53xl6uxpxau1htq471peypzy36moil5911ms.png]
[55hotel.com.br/nossos-servicos.html]
[55hotel.com.br/medias/hotel-em-joinville-sc-suite-101-smart-55-4.jpg]
[55hotel.com.br/medias/hotel-em-joinville-sc-suite-101-smart-55-2.jpg]
[55hotel.com.br/wp-json/wp/v2/serv/15475.json]
[55hotel.com.br/wp-json/oembed/1.0/embedb3ac.json]
[55hotel.com.br/index99d5.html]
[55hotel.com.br/wp-json/oembed/1.0/embed8b1c]
[55hotel.com.br/medias/elementor/thumbs/hotel-em-joinville-sc-suite-101-smart-55-2-qpr1iohaqwyb92xrmirqo9hgo0psi2jmeyhjl4b77c.jpg]
[55hotel.com.br/medias/hotel-em-joinville-sc-suite-101-smart-55-2-1.jpg]
[55hotel.com.br/medias/hotel-em-joinville-sc-suite-101-smart-55-3.jpg]
[55hotel.com.br/medias/hotel-em-joinville-sc-suite-101-smart-55-4-1.jpg]
[55hotel.com.br/medias/hotel-em-joinville-sc-suite-101-smart-55-5.jpg]
[55hotel.com.br/medias/hotel-em-joinville-sc-suite-101-smart-55-6.jpg]
[55hotel.com.br/medias/hotel-em-joinville-sc-suite-101-smart-55-7.jpg]
[55hotel.com.br/medias/hotel-em-joinville-sc-suite-101-smart-55-8.jpg]
[55hotel.com.br/medias/hotel-em-joinville-sc-suite-101-smart-55-9.jpg]
[55hotel.com.br/medias/hotel-em-joinville-sc-suite-101-smart-55-10.jpg]
[55hotel.com.br/medias/hotel-em-joinville-sc-suite-101-smart-55-1.jpg]
[55hotel.com.br/medias/suite-101-om-ar-condicionado-flat-55-inn-hotel-planta.png]
[55hotel.com.br/medias/Lista-de-Comandos-Alexa-Hotel-Smart-em-SC-55-Inn-Smart-Hotel-Joinville-1.png]
[55hotel.com.br/servicos/suite-101-do-55-inn-hotel-joinville/index.html]
[55hotel.com.br/medias/WhatsApp-Image-2024-06-11-at-15.04.06-4-768x1024.jpg]
[55hotel.com.br/medias/WhatsApp-Image-2024-06-11-at-15.04.05-1.jpg]
[55hotel.com.br/wp-json/wp/v2/serv/15471.json]
[55hotel.com.br/wp-json/oembed/1.0/embed2b66.json]
[55hotel.com.br/indexe148.html]
[55hotel.com.br/wp-json/oembed/1.0/embed5397]
[55hotel.com.br/medias/elementor/thumbs/WhatsApp-Image-2024-06-11-at-15.04.05-1-qpr2qhqhawxgerapsgjpw7gxgkrpa6h7rt6avfcl6g.jpg]
[55hotel.com.br/medias/suite-102-quarto-duplo-com-ar-condicionado-flat-55-inn-hotel-planta.png]
[55hotel.com.br/medias/WhatsApp-Image-2024-06-11-at-15.04.07-3.jpg]
[55hotel.com.br/medias/WhatsApp-Image-2024-06-11-at-15.04.07-2.jpg]
[55hotel.com.br/medias/WhatsApp-Image-2024-06-11-at-15.04.07-1.jpg]
[55hotel.com.br/medias/WhatsApp-Image-2024-06-11-at-15.04.07.jpg]
[55hotel.com.br/medias/WhatsApp-Image-2024-06-11-at-15.04.05.jpg]
[55hotel.com.br/medias/WhatsApp-Image-2024-06-11-at-15.04.05-2.jpg]
[55hotel.com.br/medias/WhatsApp-Image-2024-06-11-at-15.04.05-3.jpg]
[55hotel.com.br/medias/WhatsApp-Image-2024-06-11-at-15.04.06.jpg]
[55hotel.com.br/medias/WhatsApp-Image-2024-06-11-at-15.04.06-1.jpg]
[55hotel.com.br/medias/WhatsApp-Image-2024-06-11-at-15.04.06-2.jpg]
[55hotel.com.br/medias/WhatsApp-Image-2024-06-11-at-15.04.06-3.jpg]
[55hotel.com.br/medias/WhatsApp-Image-2024-06-11-at-15.04.06-4.jpg]
[55hotel.com.br/servicos/suite-102-quarto-quadruplo/index.html]
[55hotel.com.br/medias/suite-103-om-ar-condicionado-flat-55-inn-hotel-sc.png]
[55hotel.com.br/wp-json/wp/v2/serv/15469.json]
[55hotel.com.br/wp-json/oembed/1.0/embedc294.json]
[55hotel.com.br/indexdf0d.html]
[55hotel.com.br/wp-json/oembed/1.0/embedeffe]
[55hotel.com.br/medias/elementor/thumbs/suite-103-om-ar-condicionado-flat-55-inn-hotel-sc-qd58aju4pzgdubafw7qixvjtamju2o01nlfv9zjjnc.png]
[55hotel.com.br/medias/suite-103-om-ar-condicionado-flat-55-inn-hotel.png]
[55hotel.com.br/medias/suite-103-om-ar-condicionado-flat-55-inn-hotel-joinville.png]
[55hotel.com.br/servicos/quarto-casal/index.html]
[55hotel.com.br/medias/hotel-55-smart-suite-104-8.jpg]
[55hotel.com.br/medias/hotel-55-smart-suite-104-5.jpg]
[55hotel.com.br/wp-json/wp/v2/serv/15467.json]
[55hotel.com.br/wp-json/oembed/1.0/embed9482.json]
[55hotel.com.br/indexfd2e.html]
[55hotel.com.br/wp-json/oembed/1.0/embede307]
[55hotel.com.br/medias/elementor/thumbs/hotel-55-smart-suite-104-5-qpr34vnjwmmg3wees6f5k2rwrvuy3elbf0muaw0ny0.jpg]
[55hotel.com.br/medias/suite-104-com-ar-condicionado-flat-55-inn-hotel-planta.png]
[55hotel.com.br/medias/hotel-55-smart-suite-104-1.jpg]
[55hotel.com.br/medias/hotel-55-smart-suite-104-7.jpg]
[55hotel.com.br/medias/hotel-55-smart-suite-104-6.jpg]
[55hotel.com.br/medias/hotel-55-smart-suite-104-4.jpg]
[55hotel.com.br/medias/hotel-55-smart-suite-104-3.jpg]
[55hotel.com.br/medias/hotel-55-smart-suite-104-2.jpg]
[55hotel.com.br/servicos/quarto-casal-104-bom-custo-beneficio/index.html]
[55hotel.com.br/medias/hotel-55-smart-suite-105-3-768x1024.jpg]
[55hotel.com.br/medias/hotel-55-smart-suite-105-5.jpg]
[55hotel.com.br/wp-json/wp/v2/serv/15465.json]
[55hotel.com.br/index8e5c.html]
[55hotel.com.br/wp-json/oembed/1.0/embed9138.json]
[55hotel.com.br/wp-json/oembed/1.0/embedfb65]
[55hotel.com.br/medias/elementor/thumbs/hotel-55-smart-suite-105-5-qpr367lbl6g2k0gs0954l8of2janzyvmllwls01l4o.jpg]
[55hotel.com.br/medias/suite-105-com-ar-condicionado-flat-55-inn-hotel-planta.png]
[55hotel.com.br/medias/hotel-55-smart-suite-105-4.jpg]
[55hotel.com.br/medias/hotel-55-smart-suite-105-3.jpg]
[55hotel.com.br/medias/hotel-55-smart-suite-105-2.jpg]
[55hotel.com.br/medias/hotel-55-smart-suite-105-1.jpg]
[55hotel.com.br/medias/hotel-55-smart-suite-105-7.jpg]
[55hotel.com.br/medias/hotel-55-smart-suite-105-6.jpg]
[55hotel.com.br/servicos/quarto-casal-de-16m2-completo/index.html]
[55hotel.com.br/medias/suiter-201-1-768x1024.jpg]
[55hotel.com.br/medias/suite-201-om-ar-condicionado-flat-55-inn-hotel-joinville.png]
[55hotel.com.br/wp-json/wp/v2/serv/15457.json]
[55hotel.com.br/wp-json/oembed/1.0/embedefae.json]
[55hotel.com.br/indexb6de.html]
[55hotel.com.br/wp-json/oembed/1.0/embed9c1d]
[55hotel.com.br/medias/elementor/thumbs/suite-201-om-ar-condicionado-flat-55-inn-hotel-joinville-qd58vq58omfxe2j58v8ym16n246ih72cweinhe59h4.png]
[55hotel.com.br/medias/suite-201-om-ar-condicionado-flat-55-inn-hotel-joinville-planta.png]
[55hotel.com.br/medias/suiter-201-4.jpg]
[55hotel.com.br/medias/suiter-201-3.jpg]
[55hotel.com.br/medias/suiter-201-2.jpg]
[55hotel.com.br/medias/suiter-201-1.jpg]
[55hotel.com.br/servicos/suite-201-casal-17m2-no-2-andar/index.html]
[55hotel.com.br/servicos/suite-202-solteiro-economico-12m²-no-centro/index.html]
[55hotel.com.br/servicos/quarto-casal-de-16m²/index.html]
[55hotel.com.br/servicos/suite-204-casal-de-10m²/index.html]
[55hotel.com.br/medias/WhatsApp-Image-2024-06-11-at-15.25.14-1.jpg]
[55hotel.com.br/medias/WhatsApp-Image-2024-06-11-at-15.25.14.jpg]
[55hotel.com.br/wp-json/wp/v2/serv/15630.json]
[55hotel.com.br/wp-json/oembed/1.0/embed232e.json]
[55hotel.com.br/index0650.html]
[55hotel.com.br/wp-json/oembed/1.0/embed78bc]
[55hotel.com.br/medias/elementor/thumbs/WhatsApp-Image-2024-06-11-at-15.25.14-qpr4smaa9kehzpmhy01k102jxheravr6ap9sbzfwhk.jpg]
[55hotel.com.br/medias/suite-205-casal-flat-55-in-hotel-sc-planta.png]
[55hotel.com.br/medias/WhatsApp-Image-2024-06-11-at-15.25.14-2.jpg]
[55hotel.com.br/servicos/suite-205-casal/index.html]
[55hotel.com.br/medias/suite-101-om-ar-condicionado-flat-55-inn-hotel-1.png]
[55hotel.com.br/wp-json/wp/v2/serv/15634.json]
[55hotel.com.br/wp-json/oembed/1.0/embed2afd.json]
[55hotel.com.br/index3f12.html]
[55hotel.com.br/wp-json/oembed/1.0/embed02a0]
[55hotel.com.br/medias/elementor/thumbs/suite-101-om-ar-condicionado-flat-55-inn-hotel-1-qd5b7bwgk4w21h3b208ddxol5w3t40yvq7fe5e6o1k.png]
[55hotel.com.br/servicos/suite-206-casal/index.html]
[55hotel.com.br/servicos/suite-207-casal-de-18m²/index.html]
[55hotel.com.br/medias/WhatsApp-Image-2024-06-11-at-15.30.19-2.jpg]
[55hotel.com.br/medias/WhatsApp-Image-2024-06-11-at-15.30.18.jpg]
[55hotel.com.br/wp-json/wp/v2/serv/15640.json]
[55hotel.com.br/wp-json/oembed/1.0/embedc456.json]
[55hotel.com.br/index5d8f.html]
[55hotel.com.br/wp-json/oembed/1.0/embedf9ad]
[55hotel.com.br/medias/elementor/thumbs/WhatsApp-Image-2024-06-11-at-15.30.18-qpr5a4zznedwe26cn2o802wuj121rsb2df0lcngqig.jpg]
[55hotel.com.br/medias/suite-301-casal-flat-55-in-hotel-sc-planta.png]
[55hotel.com.br/medias/WhatsApp-Image-2024-06-11-at-15.30.19.jpg]
[55hotel.com.br/medias/WhatsApp-Image-2024-06-11-at-15.30.19-1.jpg]
[55hotel.com.br/medias/WhatsApp-Image-2024-06-11-at-15.30.19-3.jpg]
[55hotel.com.br/servicos/suite-301-de-casal-moderno-no-3o-andar/index.html]
[55hotel.com.br/medias/suite-302-casal-flat-55-in-hotel-sc.jpg]
[55hotel.com.br/wp-json/wp/v2/serv/15645.json]
[55hotel.com.br/wp-json/oembed/1.0/embed9203.json]
[55hotel.com.br/indexe8bf.html]
[55hotel.com.br/wp-json/oembed/1.0/embedb770]
[55hotel.com.br/medias/elementor/thumbs/suite-302-casal-flat-55-in-hotel-sc-qd5bym5sy08p1zgiqati9jt9xjmdjqadt95snjq9fc.jpg]
[55hotel.com.br/medias/suite-302-casal-flat-55-in-hotel-sc-banheiro.jpg]
[55hotel.com.br/medias/suite-302-casal-flat-55-in-hotel-sc-planta.png]
[55hotel.com.br/servicos/suite-301-de-casal-no-3o-andar-2/index.html]
[55hotel.com.br/medias/WhatsApp-Image-2024-06-11-at-15.30.19-1-1.jpg]
[55hotel.com.br/medias/WhatsApp-Image-2024-06-11-at-15.30.19-4.jpg]
[55hotel.com.br/wp-json/wp/v2/serv/15649.json]
[55hotel.com.br/wp-json/oembed/1.0/embed131a.json]
[55hotel.com.br/index5ea3.html]
[55hotel.com.br/wp-json/oembed/1.0/embedaa71]
[55hotel.com.br/medias/elementor/thumbs/WhatsApp-Image-2024-06-11-at-15.30.19-4-qpr5apoftr67hhcbabm0ixozli84h4l5s9d9wqm2pk.jpg]
[55hotel.com.br/medias/suite-303-casal-flat-55-in-hotel-sc-planta.png]
[55hotel.com.br/medias/WhatsApp-Image-2024-06-11-at-15.30.19-3-1.jpg]
[55hotel.com.br/medias/WhatsApp-Image-2024-06-11-at-15.30.19-2-1.jpg]
[55hotel.com.br/medias/WhatsApp-Image-2024-06-11-at-15.30.18-1.jpg]
[55hotel.com.br/servicos/suite-303-de-casal-no-3o-andar/index.html]
[55hotel.com.br/servicos/suite-304-tripla-no-3o-andar-de-20m²-e-acessibilidade-para-cadeirante/index.html]
[55hotel.com.br/servicos/suite-305-de-casal-no-3o-andar-de-15m²/index.html]
[55hotel.com.br/servicos/suite-306-de-casal-no-3o-andar-de-18m²/index.html]
[55hotel.com.br/medias/suite-307-solteiro-flat-55-in-hotel-sc.jpg]
[55hotel.com.br/wp-json/wp/v2/serv/15664.json]
[55hotel.com.br/wp-json/oembed/1.0/embed7970.json]
[55hotel.com.br/index0c57.html]
[55hotel.com.br/wp-json/oembed/1.0/embed3324]
[55hotel.com.br/medias/elementor/thumbs/suite-307-solteiro-flat-55-in-hotel-sc-qd5czm33y8w01fptosjuwppfoj9hiu618dktomveig.jpg]
[55hotel.com.br/medias/suite-307-solteiro-flat-55-in-hotel-sc-banheiro.jpg]
[55hotel.com.br/servicos/suite-307-solteiro-economico-3o-andar/index.html]
[55hotel.com.br/servicos/suite-308-de-casal-no-3o-andar-de-17m²/index.html]
[55hotel.com.br/galeria-de-fotos/index.html]
[55hotel.com.br/wp-json/wp/v2/pages/1319.json]
[55hotel.com.br/wp-json/oembed/1.0/embed231d.json]
[55hotel.com.br/indexd848.html]
[55hotel.com.br/wp-json/oembed/1.0/embedbb50]
[55hotel.com.br/medias/elementor/thumbs/o-que-fazer-em-joinville-santa-catarina-qlzd0a581td069wtxmtfm0ph5nmd1p0q9shaeatrqk.png]
[55hotel.com.br/medias/elementor/thumbs/centro-cultural-da-juventude-joinville-sc-qgimo0j0s4i0y9qh6fcwxv48241gwjjwxu3i6uvxyk.jpg]
[55hotel.com.br/medias/elementor/thumbs/Catedral_Sao_Francisco_Xavier_Joinville_Brasil-qdmh8sehug4706lb1ww60egr4vgosrdt0p43btxi98.jpg]
[55hotel.com.br/medias/elementor/thumbs/museu-de-artes-joinvile-sc-qdm2fym1qcprpqjxe3gj3cx8mrpahh3ffg2eu5yje4.jpg]
[55hotel.com.br/medias/elementor/thumbs/Mirante-Morro-da-Boa-Vista-qdayhh70du9yx15kf9stlrl0trzvli41tkg9fiqgfg.jpg]
[55hotel.com.br/medias/elementor/thumbs/Praca-Versailles-qdayfoc5a9t6nxrrxzrkbpy7u6vjudykknfrbfemcs.jpg]
[55hotel.com.br/medias/elementor/thumbs/Praca-General-Osori-qdaybwzdy4nw838dwd9aco3uapep1z1821hu7kzb8s.png]
[55hotel.com.br/medias/elementor/thumbs/Parque-das-Aguas-Raul-Guenther-qday7sgvyb0l9p83zl28epl0ftqp9snmtmf4dv3ijw.jpg]
[55hotel.com.br/fotos/morro-da-boa-vista/index.html]
[55hotel.com.br/fotos/praca-versailles/index.html]
[55hotel.com.br/medias/elementor/thumbs/Praca-Felipe-Baumer-qday52po7jarq963uet17e92nr4j19vjs6kmh34gj0.jpg]
[55hotel.com.br/fotos/praca-general-osorio/index.html]
[55hotel.com.br/medias/elementor/thumbs/Praca-Rotary-Outra-praca-encantadora-proxima-ao-hotel-perfeita-para-relaxar-e-desfrutar-do-ambiente-qdaxyr8q9mndomciqohbfzniwi9paisi8wp4c4hqcs.jpg]
[55hotel.com.br/medias/elementor/thumbs/Praca-Bernardo-Ziemer-Uma-praca-agradavel-para-passeios-a-pe-com-areas-verdes-e-uma-atmosfera-tranquila-qdaxryuowpctu07idqubfpbogbq9p7uanb2vk6k3ak.png]
[55hotel.com.br/fotos/parque-das-aguas-raul-guenther/index.html]
[55hotel.com.br/medias/elementor/thumbs/Expoville-Um-centro-de-convencoes-e-exposicoes-completo-em-Joinville-qdaxgwb4ey793caf0yki2hw8kyan1jw3sih02uz0ks.jpg]
[55hotel.com.br/fotos/praca-felipe-baumer/index.html]
[55hotel.com.br/medias/elementor/thumbs/Visita-a-feira-de-artesanato-na-Praca-da-Bandeira-qd4wzzp7amatz3x44fma10cm2kjb3ilgd7kwp5lay4.jpg]
[55hotel.com.br/fotos/praca-rotary/index.html]
[55hotel.com.br/medias/elementor/thumbs/Parque-Zoobotanico-de-Joinville-em-Santa-Catarina-qd4xgne8ex3rqbq0umu97t0p2efhieq7bnsovow4oc.png]
[55hotel.com.br/fotos/praca-bernardo-ziemer-um-oasis-de-paz-no-centro-de-joinville/index.html]
[55hotel.com.br/medias/elementor/thumbs/Shopping-Mueller-Joinville-qd4xok7bxpxng68bnjy7pb5d25fpap4vetgtaj5ub0.png]
[55hotel.com.br/fotos/expoville/index.html]
[55hotel.com.br/medias/elementor/thumbs/Museu-Nacional-de-Imigracao-e-Colonizacao-qd4wrfe50yks70cy4qcnb65f86qwyslhutlnaeafn0.png]
[55hotel.com.br/conteudo/cache/wpo-minify/1728325362/assets/wpo-minify-footer-8341427a.min.js]
[55hotel.com.br/galeria-de-fotos.html]
[55hotel.com.br/medias/Zoobotanico-de-Joinville-encontram-se-172-animais-sendo-111-repteis-40-aves-e-21-mamiferos.png]
[55hotel.com.br/wp-json/wp/v2/fotos/15498.json]
[55hotel.com.br/wp-json/oembed/1.0/embed9040.json]
[55hotel.com.br/index1ae8.html]
[55hotel.com.br/wp-json/oembed/1.0/embed2af7]
[55hotel.com.br/medias/Parque-Zoobotanico-de-Joinville-em-Santa-Catarina.png]
[55hotel.com.br/medias/Zoobotanico-de-Joinville-encontram-se-172-animais-sendo-111-repteis-40-aves-21-mamiferos.jpg]
[55hotel.com.br/conteudo/cache/wpo-minify/1728325362/assets/wpo-minify-footer-4f074a51.min.js]
[55hotel.com.br/fotos/parque-zoo-botanico-de-joinville/index.html]
[55hotel.com.br/medias/Shopping-Mueller-Joinville.png]
[55hotel.com.br/wp-json/wp/v2/fotos/15496.json]
[55hotel.com.br/wp-json/oembed/1.0/embed711e.json]
[55hotel.com.br/index7cb6.html]
[55hotel.com.br/wp-json/oembed/1.0/embed72ad]
[55hotel.com.br/medias/2021-07-24.jpg]
[55hotel.com.br/medias/20220930_144814.jpg]
[55hotel.com.br/medias/20221210_203225.jpg]
[55hotel.com.br/medias/IMG_7483.jpg]
[55hotel.com.br/medias/Shopping-Mueller-Joinville-1.png]
[55hotel.com.br/fotos/shopping-mueller-de-joinville/index.html]
[55hotel.com.br/medias/Uma-visita-ao-Museu-Nacional-de-Imigracao-e-Colonizacao.jpg]
[55hotel.com.br/wp-json/wp/v2/fotos/15493.json]
[55hotel.com.br/wp-json/oembed/1.0/embed698e.json]
[55hotel.com.br/indexdbea.html]
[55hotel.com.br/wp-json/oembed/1.0/embed2f09]
[55hotel.com.br/medias/Museu-Nacional-de-Imigracao-e-Colonizacao.png]
[55hotel.com.br/medias/Descubra-a-Historia-no-Museu-Nacional-de-Imigracao-e-Colonizacao-em-Joinville-Santa-Catarina.png]
[55hotel.com.br/fotos/museu-nacional-de-imigracao-e-colonizacao/index.html]
[55hotel.com.br/medias/Joinville-tem-feira-de-produtos-artesanais-e-atracoes-culturais.png]
[55hotel.com.br/wp-json/wp/v2/fotos/15500.json]
[55hotel.com.br/wp-json/oembed/1.0/embedeb76.json]
[55hotel.com.br/index7451.html]
[55hotel.com.br/wp-json/oembed/1.0/embed1cd1]
[55hotel.com.br/medias/Visita-a-feira-de-artesanato-na-Praca-da-Bandeira.jpg]
[55hotel.com.br/fotos/feira-de-artesanato-na-praca-da-bandeira/index.html]
[55hotel.com.br/wp-json/wp/v2/pages/1014.json]
[55hotel.com.br/index039f.html]
[55hotel.com.br/wp-json/oembed/1.0/embeddac8.json]
[55hotel.com.br/contatos/index.html]
[55hotel.com.br/contatos.html]
[55hotel.com.br/wp-json/oembed/1.0/embed9bda]
[55hotel.com.br/medias/o-que-fazer-em-joinville.png]
[55hotel.com.br/wp-json/wp/v2/fotos/15795.json]
[55hotel.com.br/wp-json/oembed/1.0/embed97c4.json]
[55hotel.com.br/indexce82.html]
[55hotel.com.br/wp-json/oembed/1.0/embeddc3a]
[55hotel.com.br/medias/o-que-fazer-em-joinville-santa-catarina.png]
[55hotel.com.br/medias/o-que-fazer-em-joinville-santa-catarina-sc.png]
[55hotel.com.br/fotos/algumas-opcoes-do-que-fazer-em-joinville-perto-do-55-inn-smart-hotel/index.html]
[55hotel.com.br/medias/centro-cultural-da-juventude-joinville-sc.jpg]
[55hotel.com.br/wp-json/wp/v2/fotos/15763.json]
[55hotel.com.br/wp-json/oembed/1.0/embedce8b.json]
[55hotel.com.br/indexd80b.html]
[55hotel.com.br/fotos/explore-a-cultura-no-centro-cultural-da-juventude-com-conforto-e-economia-no-55-inn-hotel-em-joinville-centro/index.html]
[55hotel.com.br/wp-json/oembed/1.0/embed08e8]
[55hotel.com.br/medias/Catedral_Sao_Francisco_Xavier_Joinville_Brasil-1024x776.jpg]
[55hotel.com.br/wp-json/wp/v2/fotos/15758.json]
[55hotel.com.br/wp-json/oembed/1.0/embede225.json]
[55hotel.com.br/index0e75.html]
[55hotel.com.br/wp-json/oembed/1.0/embeda3e5]
[55hotel.com.br/medias/Catedral_Sao_Francisco_Xavier_Joinville_Brasil.jpg]
[55hotel.com.br/fotos/catedral-de-sao-francisco-xavier/index.html]
[55hotel.com.br/medias/casarao-joinvile-sc.jpg]
[55hotel.com.br/wp-json/wp/v2/fotos/15754.json]
[55hotel.com.br/wp-json/oembed/1.0/embed0612.json]
[55hotel.com.br/index66a4.html]
[55hotel.com.br/wp-json/oembed/1.0/embed292d]
[55hotel.com.br/medias/museu-de-artes-joinvile-sc.jpg]
[55hotel.com.br/fotos/museu-de-arte-de-joinville-maj/index.html]
[55hotel.com.br/empresa.html]
[55hotel.com.br/wp-json/wp/v2/pages/10359.json]
[55hotel.com.br/wp-json/oembed/1.0/embed1450.json]
[55hotel.com.br/indexf1b5.html]
[55hotel.com.br/politicas-de-privacidade/index.html]
[55hotel.com.br/modulos/dev/assets/lib/e-gallery/css/e-gallery.min.css]
[55hotel.com.br/medias/elementor/css/post-8315.css]
[55hotel.com.br/medias/elementor/css/post-8356.css]
[55hotel.com.br/medias/elementor/css/post-8443.css]
[55hotel.com.br/medias/elementor/css/post-11574.css]
[55hotel.com.br/medias/elementor/css/post-11698.css]
[55hotel.com.br/medias/elementor/css/post-11693.css]
[55hotel.com.br/medias/elementor/css/post-11750.css]
[55hotel.com.br/medias/elementor/css/post-11745.css]
[55hotel.com.br/modulos/dev/assets/lib/eicons/fonts/eiconsc2cd.svg]
[55hotel.com.br/modulos/dev/assets/lib/font-awesome/webfonts/fa-brands-400.svg]
[55hotel.com.br/modulos/dev/assets/lib/font-awesome/webfonts/fa-regular-400.svg]
[55hotel.com.br/wp-json/oembed/1.0/embedd250]
[55hotel.com.br/modulos/dev/assets/lib/font-awesome/webfonts/fa-solid-900.svg]
[55hotel.com.br/medias/elementor/css/post-3719.css]
[55hotel.com.br/medias/elementor/css/post-8138.css]
[55hotel.com.br/medias/elementor/css/post-10451.css]
[55hotel.com.br/indexf30f.html]
[55hotel.com.br/index7365.html]
[55hotel.com.br/nossos-servicos/index.html]
[55hotel.com.br/medias/elementor/css/post-1006.css]
[55hotel.com.br/index846b.html]
[55hotel.com.br/medias/elementor/css/post-804.css]
[55hotel.com.br/index99d5.html]
[55hotel.com.br/medias/elementor/css/post-8725.css]
[55hotel.com.br/medias/elementor/css/post-8751.css]
[55hotel.com.br/indexe148.html]
[55hotel.com.br/indexdf0d.html]
[55hotel.com.br/indexfd2e.html]
[55hotel.com.br/index8e5c.html]
[55hotel.com.br/indexb6de.html]
[55hotel.com.br/index0650.html]
[55hotel.com.br/index3f12.html]
[55hotel.com.br/index5d8f.html]
[55hotel.com.br/indexe8bf.html]
[55hotel.com.br/index5ea3.html]
[55hotel.com.br/index0c57.html]
[55hotel.com.br/galeria-de-fotos/index.html]
[55hotel.com.br/medias/elementor/css/post-1319.css]
[55hotel.com.br/indexd848.html]
[55hotel.com.br/medias/Mirante-Morro-da-Boa-Vista.jpg]
[55hotel.com.br/wp-json/wp/v2/fotos/15749.json]
[55hotel.com.br/wp-json/oembed/1.0/embed95ab.json]
[55hotel.com.br/index72dd.html]
[55hotel.com.br/fotos/morro-da-boa-vista/index.html]
[55hotel.com.br/wp-json/oembed/1.0/embed6d16]
[55hotel.com.br/medias/Praca-Versailles.jpg]
[55hotel.com.br/wp-json/wp/v2/fotos/15746.json]
[55hotel.com.br/wp-json/oembed/1.0/embed757d.json]
[55hotel.com.br/index9151.html]
[55hotel.com.br/fotos/praca-versailles/index.html]
[55hotel.com.br/wp-json/oembed/1.0/embed7c1e]
[55hotel.com.br/medias/Praca-General-Osori.png]
[55hotel.com.br/wp-json/wp/v2/fotos/15743.json]
[55hotel.com.br/wp-json/oembed/1.0/embed071d.json]
[55hotel.com.br/indexa56f.html]
[55hotel.com.br/fotos/praca-general-osorio/index.html]
[55hotel.com.br/wp-json/oembed/1.0/embed8e21]
[55hotel.com.br/medias/Parque-das-Aguas-Raul-Guenther.jpg]
[55hotel.com.br/wp-json/wp/v2/fotos/15740.json]
[55hotel.com.br/wp-json/oembed/1.0/embed7b1c.json]
[55hotel.com.br/indexf5e3.html]
[55hotel.com.br/fotos/parque-das-aguas-raul-guenther/index.html]
[55hotel.com.br/wp-json/oembed/1.0/embed0d20]
[55hotel.com.br/medias/Praca-Felipe-Baumer.jpg]
[55hotel.com.br/wp-json/wp/v2/fotos/15737.json]
[55hotel.com.br/wp-json/oembed/1.0/embed336f.json]
[55hotel.com.br/index5ac8.html]
[55hotel.com.br/fotos/praca-felipe-baumer/index.html]
[55hotel.com.br/wp-json/oembed/1.0/embedb94b]
[55hotel.com.br/medias/Praca-Rotary-Outra-praca-encantadora-proxima-ao-hotel-perfeita-para-relaxar-e-desfrutar-do-ambiente.jpg]
[55hotel.com.br/wp-json/wp/v2/fotos/15734.json]
[55hotel.com.br/wp-json/oembed/1.0/embed8d86.json]
[55hotel.com.br/indexc8ba.html]
[55hotel.com.br/fotos/praca-rotary/index.html]
[55hotel.com.br/wp-json/oembed/1.0/embed9480]
[55hotel.com.br/medias/Praca-Bernardo-Ziemer-Uma-praca-agradavel-para-passeios-a-pe-com-areas-verdes-e-uma-atmosfera-tranquila.png]
[55hotel.com.br/wp-json/wp/v2/fotos/15731.json]
[55hotel.com.br/wp-json/oembed/1.0/embed4637.json]
[55hotel.com.br/index9122.html]
[55hotel.com.br/fotos/praca-bernardo-ziemer-um-oasis-de-paz-no-centro-de-joinville/index.html]
[55hotel.com.br/wp-json/oembed/1.0/embed3e6b]
[55hotel.com.br/medias/Expoville-Um-centro-de-convencoes-e-exposicoes-completo-em-Joinville.jpg]
[55hotel.com.br/wp-json/wp/v2/fotos/15728.json]
[55hotel.com.br/wp-json/oembed/1.0/embed225c.json]
[55hotel.com.br/index334b.html]
[55hotel.com.br/fotos/expoville/index.html]
[55hotel.com.br/medias/elementor/css/post-9785.css]
[55hotel.com.br/index1ae8.html]
[55hotel.com.br/index7cb6.html]
[55hotel.com.br/indexdbea.html]
[55hotel.com.br/index7451.html]
[55hotel.com.br/medias/elementor/css/post-1014.css]
[55hotel.com.br/index039f.html]
[55hotel.com.br/indexce82.html]
[55hotel.com.br/indexd80b.html]
[55hotel.com.br/index0e75.html]
[55hotel.com.br/index66a4.html]
[55hotel.com.br/medias/elementor/css/post-10359.css]
[55hotel.com.br/indexf1b5.html]
[55hotel.com.br/index72dd.html]
[55hotel.com.br/index9151.html]
[55hotel.com.br/indexa56f.html]
[55hotel.com.br/indexf5e3.html]
[55hotel.com.br/index5ac8.html]
[55hotel.com.br/indexc8ba.html]
[55hotel.com.br/index9122.html]
[55hotel.com.br/index334b.html]
[55hotel.com.br/wp-json/oembed/1.0/embed2035]
